<?xml version="1.0" encoding="UTF-8"?>
<testng-results ignored="0" total="11" passed="11" failed="0" skipped="0">
  <reporter-output>
  </reporter-output>
  <suite started-at="2023-12-05T21:41:35 IST" name="TestNG Parameters Suite" finished-at="2023-12-05T21:49:10 IST" duration-ms="455253">
    <groups>
      <group name="Sanity">
        <method signature="QKART_Tests.TestCase01(java.lang.String,java.lang.String)[pri:1, instance:QKART_TESTNG.QKART_Tests@8184a63]" name="TestCase01" class="QKART_TESTNG.QKART_Tests"/>
        <method signature="QKART_Tests.TestCase02()[pri:2, instance:QKART_TESTNG.QKART_Tests@8184a63]" name="TestCase02" class="QKART_TESTNG.QKART_Tests"/>
        <method signature="QKART_Tests.TestCase03()[pri:3, instance:QKART_TESTNG.QKART_Tests@8184a63]" name="TestCase03" class="QKART_TESTNG.QKART_Tests"/>
        <method signature="QKART_Tests.TestCase05(java.lang.String,java.lang.String)[pri:5, instance:QKART_TESTNG.QKART_Tests@8184a63]" name="TestCase05" class="QKART_TESTNG.QKART_Tests"/>
        <method signature="QKART_Tests.TestCase07(java.lang.String,int)[pri:7, instance:QKART_TESTNG.QKART_Tests@8184a63]" name="TestCase07" class="QKART_TESTNG.QKART_Tests"/>
        <method signature="QKART_Tests.TestCase11()[pri:11, instance:QKART_TESTNG.QKART_Tests@8184a63]" name="TestCase11" class="QKART_TESTNG.QKART_Tests"/>
      </group> <!-- Sanity -->
      <group name="Regression">
        <method signature="QKART_Tests.TestCase04()[pri:4, instance:QKART_TESTNG.QKART_Tests@8184a63]" name="TestCase04" class="QKART_TESTNG.QKART_Tests"/>
        <method signature="QKART_Tests.TestCase06(java.lang.String,java.lang.String)[pri:6, instance:QKART_TESTNG.QKART_Tests@8184a63]" name="TestCase06" class="QKART_TESTNG.QKART_Tests"/>
        <method signature="QKART_Tests.TestCase08()[pri:8, instance:QKART_TESTNG.QKART_Tests@8184a63]" name="TestCase08" class="QKART_TESTNG.QKART_Tests"/>
        <method signature="QKART_Tests.TestCase09()[pri:9, instance:QKART_TESTNG.QKART_Tests@8184a63]" name="TestCase09" class="QKART_TESTNG.QKART_Tests"/>
        <method signature="QKART_Tests.TestCase10()[pri:10, instance:QKART_TESTNG.QKART_Tests@8184a63]" name="TestCase10" class="QKART_TESTNG.QKART_Tests"/>
        <method signature="QKART_Tests.TestCase11()[pri:11, instance:QKART_TESTNG.QKART_Tests@8184a63]" name="TestCase11" class="QKART_TESTNG.QKART_Tests"/>
      </group> <!-- Regression -->
    </groups>
    <test started-at="2023-12-05T21:41:35 IST" name="Params" finished-at="2023-12-05T21:49:10 IST" duration-ms="455253">
      <class name="QKART_TESTNG.QKART_Tests">
        <test-method is-config="true" signature="createDriver()[pri:0, instance:QKART_TESTNG.QKART_Tests@8184a63]" started-at="2023-12-05T21:41:33 IST" name="createDriver" finished-at="2023-12-05T21:41:35 IST" duration-ms="1980" status="PASS">
          <reporter-output>
          </reporter-output>
        </test-method> <!-- createDriver -->
        <test-method signature="TestCase01(java.lang.String,java.lang.String)[pri:1, instance:QKART_TESTNG.QKART_Tests@8184a63]" started-at="2023-12-05T21:41:35 IST" name="TestCase01" description="TestCase Description" finished-at="2023-12-05T21:41:51 IST" duration-ms="16367" status="PASS">
          <params>
            <param index="0">
              <value>
                <![CDATA[testUser]]>
              </value>
            </param>
            <param index="1">
              <value>
                <![CDATA[abc@123]]>
              </value>
            </param>
          </params>
          <reporter-output>
          </reporter-output>
        </test-method> <!-- TestCase01 -->
        <test-method signature="TestCase02()[pri:2, instance:QKART_TESTNG.QKART_Tests@8184a63]" started-at="2023-12-05T21:41:51 IST" name="TestCase02" description="TestCase Description" finished-at="2023-12-05T21:42:27 IST" duration-ms="35080" status="PASS">
          <reporter-output>
          </reporter-output>
        </test-method> <!-- TestCase02 -->
        <test-method signature="TestCase03()[pri:3, instance:QKART_TESTNG.QKART_Tests@8184a63]" started-at="2023-12-05T21:42:27 IST" name="TestCase03" description="TestCase Description" finished-at="2023-12-05T21:43:01 IST" duration-ms="34795" status="PASS">
          <reporter-output>
          </reporter-output>
        </test-method> <!-- TestCase03 -->
        <test-method signature="TestCase04()[pri:4, instance:QKART_TESTNG.QKART_Tests@8184a63]" started-at="2023-12-05T21:43:01 IST" name="TestCase04" description="TestCase Description" finished-at="2023-12-05T21:43:20 IST" duration-ms="18434" status="PASS">
          <reporter-output>
          </reporter-output>
        </test-method> <!-- TestCase04 -->
        <test-method signature="TestCase05(java.lang.String,java.lang.String)[pri:5, instance:QKART_TESTNG.QKART_Tests@8184a63]" started-at="2023-12-05T21:43:20 IST" name="TestCase05" description="TestCase Description" finished-at="2023-12-05T21:43:52 IST" duration-ms="32591" status="PASS">
          <params>
            <param index="0">
              <value>
                <![CDATA[YONEX Smash Badminton Racquet]]>
              </value>
            </param>
            <param index="1">
              <value>
                <![CDATA[Tan Leatherette Weekender Duffle]]>
              </value>
            </param>
          </params>
          <reporter-output>
          </reporter-output>
        </test-method> <!-- TestCase05 -->
        <test-method signature="TestCase06(java.lang.String,java.lang.String)[pri:6, instance:QKART_TESTNG.QKART_Tests@8184a63]" started-at="2023-12-05T21:43:52 IST" name="TestCase06" description="TestCase Description" finished-at="2023-12-05T21:44:36 IST" duration-ms="44005" status="PASS">
          <params>
            <param index="0">
              <value>
                <![CDATA[Xtend Smart Watch]]>
              </value>
            </param>
            <param index="1">
              <value>
                <![CDATA[Yarine Floor Lamp]]>
              </value>
            </param>
          </params>
          <reporter-output>
          </reporter-output>
        </test-method> <!-- TestCase06 -->
        <test-method signature="TestCase07(java.lang.String,int)[pri:7, instance:QKART_TESTNG.QKART_Tests@8184a63]" started-at="2023-12-05T21:44:36 IST" name="TestCase07" description="TestCase Description" finished-at="2023-12-05T21:47:58 IST" duration-ms="201618" status="PASS">
          <params>
            <param index="0">
              <value>
                <![CDATA[Stylecon 9 Seater RHS Sofa Set]]>
              </value>
            </param>
            <param index="1">
              <value>
                <![CDATA[60]]>
              </value>
            </param>
          </params>
          <reporter-output>
          </reporter-output>
        </test-method> <!-- TestCase07 -->
        <test-method signature="TestCase08()[pri:8, instance:QKART_TESTNG.QKART_Tests@8184a63]" started-at="2023-12-05T21:47:58 IST" name="TestCase08" description="TestCase Description" finished-at="2023-12-05T21:48:20 IST" duration-ms="22182" status="PASS">
          <reporter-output>
          </reporter-output>
        </test-method> <!-- TestCase08 -->
        <test-method signature="TestCase09()[pri:9, instance:QKART_TESTNG.QKART_Tests@8184a63]" started-at="2023-12-05T21:48:20 IST" name="TestCase09" description="TestCase Description" finished-at="2023-12-05T21:48:36 IST" duration-ms="15890" status="PASS">
          <reporter-output>
          </reporter-output>
        </test-method> <!-- TestCase09 -->
        <test-method signature="TestCase10()[pri:10, instance:QKART_TESTNG.QKART_Tests@8184a63]" started-at="2023-12-05T21:48:36 IST" name="TestCase10" description="TestCase Description" finished-at="2023-12-05T21:48:39 IST" duration-ms="2509" status="PASS">
          <reporter-output>
          </reporter-output>
        </test-method> <!-- TestCase10 -->
        <test-method signature="TestCase11()[pri:11, instance:QKART_TESTNG.QKART_Tests@8184a63]" started-at="2023-12-05T21:48:39 IST" name="TestCase11" description="TestCase Description" finished-at="2023-12-05T21:49:10 IST" duration-ms="31659" status="PASS">
          <reporter-output>
          </reporter-output>
        </test-method> <!-- TestCase11 -->
      </class> <!-- QKART_TESTNG.QKART_Tests -->
    </test> <!-- Params -->
  </suite> <!-- TestNG Parameters Suite -->
</testng-results>
